(?) :: Int -> Int -> Int
-- looking through 29 candidates, 100% match, 60/60 assignments
x ? y  =  x + y

(?) :: Int -> Int -> Int
-- looking through 29 candidates, 100% match, 60/60 assignments
x ? y  =  x * y

i :: Int -> Int
-- looking through 10 candidates, 100% match, 60/60 assignments
i x  =  x + 1

d :: Int -> Int
-- looking through 10 candidates
cannot conjure

