fibonacci :: Int -> Int
-- testing 8 combinations of argument values
-- looking through 2 candidates of size 1
-- looking through 2 candidates of size 2
-- looking through 6 candidates of size 3
-- looking through 1 candidates of size 4
-- looking through 11 candidates of size 5
-- looking through 9 candidates of size 6
-- looking through 47 candidates of size 7
-- looking through 102 candidates of size 8
-- looking through 273 candidates of size 9
-- looking through 684 candidates of size 10
cannot conjure
