size :: Tree -> Int
-- testing 60 combinations of argument values
-- looking through 2 candidates of size 1
-- looking through 0 candidates of size 2
-- looking through 1 candidates of size 3
-- looking through 0 candidates of size 4
-- looking through 1 candidates of size 5
-- looking through 0 candidates of size 6
-- looking through 9 candidates of size 7
-- looking through 32 candidates of size 8
-- looking through 109 candidates of size 9
-- looking through 304 candidates of size 10
-- looking through 801 candidates of size 11
-- looking through 1984 candidates of size 12
cannot conjure

height :: Tree -> Int
-- testing 60 combinations of argument values
-- looking through 3 candidates of size 1
-- looking through 0 candidates of size 2
-- looking through 2 candidates of size 3
-- looking through 0 candidates of size 4
-- looking through 2 candidates of size 5
-- looking through 0 candidates of size 6
-- looking through 21 candidates of size 7
-- looking through 48 candidates of size 8
-- looking through 239 candidates of size 9
-- looking through 656 candidates of size 10
-- looking through 2113 candidates of size 11
-- looking through 5440 candidates of size 12
-- looking through 14940 candidates of size 13
cannot conjure

